// Jest Snapshot v1, https://goo.gl/fbAQLP

exports[`shop page matches snapshot 1`] = `
<div>
  <header
    class="CenteredContainer-sc-1ke3txs-0 MainNavigator__StyledContainer-sc-h3wd6x-0 kQHoXj kEKSRG"
  >
    <div
      class="MainNavigator__StyledTopWrapper-sc-h3wd6x-1 iecMkI"
    >
      <div
        class="MainNavigator__StyledLogo-sc-h3wd6x-2 dcKXUp"
        href="/"
      />
    </div>
    <div
      class="MainNavigator__StyledNavWrapper-sc-h3wd6x-4 deEPaj"
    >
      <div
        class="MainNavigator__StyledNavItemContainer-sc-h3wd6x-5 lfkUxM"
        href="/home"
      >
        <span>
          메인
        </span>
      </div>
      <div
        class="MainNavigator__StyledNavItemContainer-sc-h3wd6x-5 lfkUxM"
        href="/shop"
      >
        <span>
          샵
        </span>
      </div>
      <div
        class="MainNavigator__StyledNavItemContainer-sc-h3wd6x-5 lfkUxM"
        href="/tea-test"
      >
        <span>
          테스트
        </span>
      </div>
      <div
        class="MainNavigator__StyledNavItemContainer-sc-h3wd6x-5 lfkUxM"
        href="/magazine"
      >
        <span>
          매거진
        </span>
      </div>
    </div>
  </header>
  <div
    class="MainNavigator__StyledPadding-sc-h3wd6x-3 fsWIPX"
  />
  <div
    class="CenteredContainer-sc-1ke3txs-0 kQHoXj"
  >
    <div
      class="Margin-sc-dj7vsz-0 dwRxUD"
      size="1"
    />
    <div
      class="page__OptionContainer-sc-1x3u4t-2 cbRkBU"
    >
      <div
        class="page__Option-sc-1x3u4t-3 gVQPQs"
      >
        최신순
        <button
          class="page__OptionIcon-sc-1x3u4t-4 page__SortIcon-sc-1x3u4t-6 dtFfBJ dEWiWV"
        />
      </div>
      <div
        class="Margin-sc-dj7vsz-0 eZbzPG"
        size="1.3"
      />
      <div
        class="page__Option-sc-1x3u4t-3 gVQPQs"
      >
        필터
        <button
          class="page__OptionIcon-sc-1x3u4t-4 page__FilterIcon-sc-1x3u4t-5 dtFfBJ imOUIK"
        />
      </div>
    </div>
    <div
      class="Margin-sc-dj7vsz-0 fzkHhP"
      size="2"
    />
    <div
      class="page__Container-sc-1x3u4t-7 gGSHpK"
    >
      <div
        class="page__TeaItemWrapper-sc-1x3u4t-8 cePDFc"
      >
        <div
          class="TeaItem__Container-sc-82ygyr-0 gaegOA"
        >
          <div
            class="TeaItem__Thumbnail-sc-82ygyr-1 drkbCh"
            height="21rem"
            width="16.5rem"
          >
            <div
              class="TeaItem__Favorite-sc-82ygyr-2 bGKqiI"
            />
          </div>
          <div
            class="TeaItem__DescribeContainer-sc-82ygyr-3 ctwgzF"
          >
            <div
              class="TeaItem__TitleWrapper-sc-82ygyr-4 bMgdjC"
            >
              <span
                class="TeaItem__Brand-sc-82ygyr-5"
              >
                [
                알디프
                ] 
              </span>
              <span
                class="TeaItem__Name-sc-82ygyr-6"
              >
                카라멜 티메리카노
              </span>
            </div>
            <p
              class="TeaItem__Price-sc-82ygyr-7 hPrkBf"
            >
              15,000
              원
            </p>
          </div>
        </div>
      </div>
      <div
        class="page__TeaItemWrapper-sc-1x3u4t-8 cePDFc"
      >
        <div
          class="TeaItem__Container-sc-82ygyr-0 gaegOA"
        >
          <div
            class="TeaItem__Thumbnail-sc-82ygyr-1 jazqwn"
            height="21rem"
            width="16.5rem"
          >
            <div
              class="TeaItem__Favorite-sc-82ygyr-2 bGKqiI"
            />
          </div>
          <div
            class="TeaItem__DescribeContainer-sc-82ygyr-3 ctwgzF"
          >
            <div
              class="TeaItem__TitleWrapper-sc-82ygyr-4 bMgdjC"
            >
              <span
                class="TeaItem__Brand-sc-82ygyr-5"
              >
                [
                알디프디프디프
                ] 
              </span>
              <span
                class="TeaItem__Name-sc-82ygyr-6"
              >
                카라멜 티메리카노카노카노
              </span>
            </div>
            <p
              class="TeaItem__Price-sc-82ygyr-7 hPrkBf"
            >
              15,000
              원
            </p>
          </div>
        </div>
      </div>
      <div
        class="page__TeaItemWrapper-sc-1x3u4t-8 cePDFc"
      >
        <div
          class="TeaItem__Container-sc-82ygyr-0 gaegOA"
        >
          <div
            class="TeaItem__Thumbnail-sc-82ygyr-1 geGdSM"
            height="21rem"
            width="16.5rem"
          >
            <div
              class="TeaItem__Favorite-sc-82ygyr-2 bGKqiI"
            />
          </div>
          <div
            class="TeaItem__DescribeContainer-sc-82ygyr-3 ctwgzF"
          >
            <div
              class="TeaItem__TitleWrapper-sc-82ygyr-4 bMgdjC"
            >
              <span
                class="TeaItem__Brand-sc-82ygyr-5"
              >
                [
                알디프
                ] 
              </span>
              <span
                class="TeaItem__Name-sc-82ygyr-6"
              >
                카라멜 티메리카노
              </span>
            </div>
            <p
              class="TeaItem__Price-sc-82ygyr-7 hPrkBf"
            >
              15,000
              원
            </p>
          </div>
        </div>
      </div>
      <div
        class="page__TeaItemWrapper-sc-1x3u4t-8 cePDFc"
      >
        <div
          class="TeaItem__Container-sc-82ygyr-0 gaegOA"
        >
          <div
            class="TeaItem__Thumbnail-sc-82ygyr-1 drkbCh"
            height="21rem"
            width="16.5rem"
          >
            <div
              class="TeaItem__Favorite-sc-82ygyr-2 bGKqiI"
            />
          </div>
          <div
            class="TeaItem__DescribeContainer-sc-82ygyr-3 ctwgzF"
          >
            <div
              class="TeaItem__TitleWrapper-sc-82ygyr-4 bMgdjC"
            >
              <span
                class="TeaItem__Brand-sc-82ygyr-5"
              >
                [
                알디프
                ] 
              </span>
              <span
                class="TeaItem__Name-sc-82ygyr-6"
              >
                카라멜 티메리카노
              </span>
            </div>
            <p
              class="TeaItem__Price-sc-82ygyr-7 hPrkBf"
            >
              15,000
              원
            </p>
          </div>
        </div>
      </div>
      <div
        class="page__TeaItemWrapper-sc-1x3u4t-8 cePDFc"
      >
        <div
          class="TeaItem__Container-sc-82ygyr-0 gaegOA"
        >
          <div
            class="TeaItem__Thumbnail-sc-82ygyr-1 jazqwn"
            height="21rem"
            width="16.5rem"
          >
            <div
              class="TeaItem__Favorite-sc-82ygyr-2 bGKqiI"
            />
          </div>
          <div
            class="TeaItem__DescribeContainer-sc-82ygyr-3 ctwgzF"
          >
            <div
              class="TeaItem__TitleWrapper-sc-82ygyr-4 bMgdjC"
            >
              <span
                class="TeaItem__Brand-sc-82ygyr-5"
              >
                [
                알디프
                ] 
              </span>
              <span
                class="TeaItem__Name-sc-82ygyr-6"
              >
                카라멜 티메리카노
              </span>
            </div>
            <p
              class="TeaItem__Price-sc-82ygyr-7 hPrkBf"
            >
              15,000
              원
            </p>
          </div>
        </div>
      </div>
      <div
        class="page__TeaItemWrapper-sc-1x3u4t-8 cePDFc"
      >
        <div
          class="TeaItem__Container-sc-82ygyr-0 gaegOA"
        >
          <div
            class="TeaItem__Thumbnail-sc-82ygyr-1 geGdSM"
            height="21rem"
            width="16.5rem"
          >
            <div
              class="TeaItem__Favorite-sc-82ygyr-2 bGKqiI"
            />
          </div>
          <div
            class="TeaItem__DescribeContainer-sc-82ygyr-3 ctwgzF"
          >
            <div
              class="TeaItem__TitleWrapper-sc-82ygyr-4 bMgdjC"
            >
              <span
                class="TeaItem__Brand-sc-82ygyr-5"
              >
                [
                알디프
                ] 
              </span>
              <span
                class="TeaItem__Name-sc-82ygyr-6"
              >
                카라멜 티메리카노
              </span>
            </div>
            <p
              class="TeaItem__Price-sc-82ygyr-7 hPrkBf"
            >
              15,000
              원
            </p>
          </div>
        </div>
      </div>
    </div>
  </div>
  <div
    class="TabBar__StyledPadding-sc-11yfmuf-4 cGpoVV"
  />
  <nav
    class="CenteredContainer-sc-1yuzjpv-0 TabBar__StyledContainer-sc-11yfmuf-0 fqZIID glnRBC"
  >
    <div
      class="TabBar__StyledItem-sc-11yfmuf-1 jWfOSM"
      href="/home"
    >
      <div
        class="TabBar__StyledIcon-sc-11yfmuf-2 hEQrTc"
      />
      <p
        class="TabBar__StyledText-sc-11yfmuf-3 caIgVb"
      >
        홈
      </p>
    </div>
    <div
      class="TabBar__StyledItem-sc-11yfmuf-1 jWfOSM"
      href="/search"
    >
      <div
        class="TabBar__StyledIcon-sc-11yfmuf-2 cEoaeN"
      />
      <p
        class="TabBar__StyledText-sc-11yfmuf-3 caIgVb"
      >
        검색
      </p>
    </div>
    <div
      class="TabBar__StyledItem-sc-11yfmuf-1 jWfOSM"
      href="/wish"
    >
      <div
        class="TabBar__StyledIcon-sc-11yfmuf-2 jTYZLz"
      />
      <p
        class="TabBar__StyledText-sc-11yfmuf-3 caIgVb"
      >
        찜
      </p>
    </div>
    <div
      class="TabBar__StyledItem-sc-11yfmuf-1 jWfOSM"
      href="/cart"
    >
      <div
        class="TabBar__StyledIcon-sc-11yfmuf-2 ecdHuD"
      />
      <p
        class="TabBar__StyledText-sc-11yfmuf-3 caIgVb"
      >
        장바구니
      </p>
    </div>
    <div
      class="TabBar__StyledItem-sc-11yfmuf-1 jWfOSM"
      href="/mypage"
    >
      <div
        class="TabBar__StyledIcon-sc-11yfmuf-2 cTUley"
      />
      <p
        class="TabBar__StyledText-sc-11yfmuf-3 caIgVb"
      >
        마이페이지
      </p>
    </div>
  </nav>
</div>
`;
