// Jest Snapshot v1, https://goo.gl/fbAQLP

exports[`CartProductsContainer matches snapshot 1`] = `
<div>
  <div
    class="CartProductsContainer__BrandTitle-sc-lly8tb-0 ePPQiI"
  >
    보향다원
     배송
  </div>
  <div
    class="CartProduct__ItemContainer-sc-1ypdwhr-0 gKFICd"
  >
    <div
      class="ToggleSelector__OptionContainer-sc-1mowai4-0 vRFUu"
    >
      <input
        checked=""
        class="ToggleSelector__Checkbox-sc-1mowai4-1 iHTHMb"
        id="0"
        type="checkbox"
      />
      <label
        class="ToggleSelector__CustomCheckbox-sc-1mowai4-2 fHZZOm"
        for="0"
      />
    </div>
    <div
      class="CartProduct__ItemWrapper-sc-1ypdwhr-1 cfqyGE"
    >
      <span
        style="box-sizing: border-box; display: inline-block; overflow: hidden; background: none; opacity: 1; border: 0px; margin: 0px; padding: 0px; position: relative; max-width: 100%;"
      >
        <span
          style="box-sizing: border-box; display: block; background: none; opacity: 1; border: 0px; margin: 0px; padding: 0px; max-width: 100%;"
        >
          <img
            alt=""
            aria-hidden="true"
            src="data:image/svg+xml,%3csvg%20xmlns=%27http://www.w3.org/2000/svg%27%20version=%271.1%27%20width=%2775%27%20height=%2790%27/%3e"
            style="display: block; max-width: 100%; background: none; opacity: 1; border: 0px; margin: 0px; padding: 0px;"
          />
        </span>
        <img
          alt="홍차아람"
          data-nimg="intrinsic"
          decoding="async"
          src="data:image/gif;base64,R0lGODlhAQABAIAAAAAAAP///yH5BAEAAAAALAAAAAABAAEAAAIBRAA7"
          style="position: absolute; top: 0px; left: 0px; bottom: 0px; right: 0px; box-sizing: border-box; padding: 0px; margin: auto; display: block; width: 0px; height: 0px; min-width: 100%; max-width: 100%; min-height: 100%; max-height: 100%;"
        />
        <noscript />
      </span>
      <div
        class="CartProduct__ContentWrapper-sc-1ypdwhr-2 kdYZFe"
      >
        <div
          class="CartProduct__ItemTitle-sc-1ypdwhr-3 OJTjV"
        >
          홍차아람
        </div>
        <div
          class="CartProduct__UnitPrice-sc-1ypdwhr-4 AYwcY"
        >
          25,000
          원
        </div>
        <div
          class="CartProduct__CountWrapper-sc-1ypdwhr-5 kZBgde"
        >
          <input
            class="CartProduct__Count-sc-1ypdwhr-6 gzLNkJ"
            type="number"
            value="1"
          />
          개
        </div>
      </div>
    </div>
    <div
      class="CartProduct__Price-sc-1ypdwhr-7 bedCUK"
    >
      25,000
      원
    </div>
    <span
      style="box-sizing: border-box; display: inline-block; overflow: hidden; background: none; opacity: 1; border: 0px; margin: 0px; padding: 0px; position: relative; max-width: 100%;"
    >
      <span
        style="box-sizing: border-box; display: block; background: none; opacity: 1; border: 0px; margin: 0px; padding: 0px; max-width: 100%;"
      >
        <img
          alt=""
          aria-hidden="true"
          src="data:image/svg+xml,%3csvg%20xmlns=%27http://www.w3.org/2000/svg%27%20version=%271.1%27%20width=%2710%27%20height=%2710%27/%3e"
          style="display: block; max-width: 100%; background: none; opacity: 1; border: 0px; margin: 0px; padding: 0px;"
        />
      </span>
      <img
        class="CartProduct__DeleteButton-sc-1ypdwhr-8 cEXrvk"
        data-nimg="intrinsic"
        decoding="async"
        src="data:image/gif;base64,R0lGODlhAQABAIAAAAAAAP///yH5BAEAAAAALAAAAAABAAEAAAIBRAA7"
        style="position: absolute; top: 0px; left: 0px; bottom: 0px; right: 0px; box-sizing: border-box; padding: 0px; margin: auto; display: block; width: 0px; height: 0px; min-width: 100%; max-width: 100%; min-height: 100%; max-height: 100%;"
      />
      <noscript />
    </span>
  </div>
  <div
    class="CartProduct__ItemContainer-sc-1ypdwhr-0 gKFICd"
  >
    <div
      class="ToggleSelector__OptionContainer-sc-1mowai4-0 vRFUu"
    >
      <input
        checked=""
        class="ToggleSelector__Checkbox-sc-1mowai4-1 iHTHMb"
        id="1"
        type="checkbox"
      />
      <label
        class="ToggleSelector__CustomCheckbox-sc-1mowai4-2 fHZZOm"
        for="1"
      />
    </div>
    <div
      class="CartProduct__ItemWrapper-sc-1ypdwhr-1 cfqyGE"
    >
      <span
        style="box-sizing: border-box; display: inline-block; overflow: hidden; background: none; opacity: 1; border: 0px; margin: 0px; padding: 0px; position: relative; max-width: 100%;"
      >
        <span
          style="box-sizing: border-box; display: block; background: none; opacity: 1; border: 0px; margin: 0px; padding: 0px; max-width: 100%;"
        >
          <img
            alt=""
            aria-hidden="true"
            src="data:image/svg+xml,%3csvg%20xmlns=%27http://www.w3.org/2000/svg%27%20version=%271.1%27%20width=%2775%27%20height=%2790%27/%3e"
            style="display: block; max-width: 100%; background: none; opacity: 1; border: 0px; margin: 0px; padding: 0px;"
          />
        </span>
        <img
          alt="딸기 정원"
          data-nimg="intrinsic"
          decoding="async"
          src="data:image/gif;base64,R0lGODlhAQABAIAAAAAAAP///yH5BAEAAAAALAAAAAABAAEAAAIBRAA7"
          style="position: absolute; top: 0px; left: 0px; bottom: 0px; right: 0px; box-sizing: border-box; padding: 0px; margin: auto; display: block; width: 0px; height: 0px; min-width: 100%; max-width: 100%; min-height: 100%; max-height: 100%;"
        />
        <noscript />
      </span>
      <div
        class="CartProduct__ContentWrapper-sc-1ypdwhr-2 kdYZFe"
      >
        <div
          class="CartProduct__ItemTitle-sc-1ypdwhr-3 OJTjV"
        >
          딸기 정원
        </div>
        <div
          class="CartProduct__UnitPrice-sc-1ypdwhr-4 AYwcY"
        >
          15,000
          원
        </div>
        <div
          class="CartProduct__CountWrapper-sc-1ypdwhr-5 kZBgde"
        >
          <input
            class="CartProduct__Count-sc-1ypdwhr-6 gzLNkJ"
            type="number"
            value="2"
          />
          개
        </div>
      </div>
    </div>
    <div
      class="CartProduct__Price-sc-1ypdwhr-7 bedCUK"
    >
      30,000
      원
    </div>
    <span
      style="box-sizing: border-box; display: inline-block; overflow: hidden; background: none; opacity: 1; border: 0px; margin: 0px; padding: 0px; position: relative; max-width: 100%;"
    >
      <span
        style="box-sizing: border-box; display: block; background: none; opacity: 1; border: 0px; margin: 0px; padding: 0px; max-width: 100%;"
      >
        <img
          alt=""
          aria-hidden="true"
          src="data:image/svg+xml,%3csvg%20xmlns=%27http://www.w3.org/2000/svg%27%20version=%271.1%27%20width=%2710%27%20height=%2710%27/%3e"
          style="display: block; max-width: 100%; background: none; opacity: 1; border: 0px; margin: 0px; padding: 0px;"
        />
      </span>
      <img
        class="CartProduct__DeleteButton-sc-1ypdwhr-8 cEXrvk"
        data-nimg="intrinsic"
        decoding="async"
        src="data:image/gif;base64,R0lGODlhAQABAIAAAAAAAP///yH5BAEAAAAALAAAAAABAAEAAAIBRAA7"
        style="position: absolute; top: 0px; left: 0px; bottom: 0px; right: 0px; box-sizing: border-box; padding: 0px; margin: auto; display: block; width: 0px; height: 0px; min-width: 100%; max-width: 100%; min-height: 100%; max-height: 100%;"
      />
      <noscript />
    </span>
  </div>
  <div
    class="CartProductsContainer__TotalPriceContainer-sc-lly8tb-1 keSCHy"
  >
    <div
      class="CartProductsContainer__DeliveryCost-sc-lly8tb-2 dOtDHN"
    >
      55,000
      원 + 배송비
       
      3,000
      원 =
    </div>
    <div
      class="CartProductsContainer__TotalPrice-sc-lly8tb-3 jGoesP"
    >
      합계 
      58,000
      원
    </div>
  </div>
  <div
    class="CartProductsContainer__BrandTitle-sc-lly8tb-0 ePPQiI"
  >
    투티거스 호랑이 다과점
     배송
  </div>
  <div
    class="CartProduct__ItemContainer-sc-1ypdwhr-0 gKFICd"
  >
    <div
      class="ToggleSelector__OptionContainer-sc-1mowai4-0 vRFUu"
    >
      <input
        class="ToggleSelector__Checkbox-sc-1mowai4-1 iHTHMb"
        id="2"
        type="checkbox"
      />
      <label
        class="ToggleSelector__CustomCheckbox-sc-1mowai4-2 fHZZOm"
        for="2"
      />
    </div>
    <div
      class="CartProduct__ItemWrapper-sc-1ypdwhr-1 cfqyGE"
    >
      <span
        style="box-sizing: border-box; display: inline-block; overflow: hidden; background: none; opacity: 1; border: 0px; margin: 0px; padding: 0px; position: relative; max-width: 100%;"
      >
        <span
          style="box-sizing: border-box; display: block; background: none; opacity: 1; border: 0px; margin: 0px; padding: 0px; max-width: 100%;"
        >
          <img
            alt=""
            aria-hidden="true"
            src="data:image/svg+xml,%3csvg%20xmlns=%27http://www.w3.org/2000/svg%27%20version=%271.1%27%20width=%2775%27%20height=%2790%27/%3e"
            style="display: block; max-width: 100%; background: none; opacity: 1; border: 0px; margin: 0px; padding: 0px;"
          />
        </span>
        <img
          alt="홍차아람"
          data-nimg="intrinsic"
          decoding="async"
          src="data:image/gif;base64,R0lGODlhAQABAIAAAAAAAP///yH5BAEAAAAALAAAAAABAAEAAAIBRAA7"
          style="position: absolute; top: 0px; left: 0px; bottom: 0px; right: 0px; box-sizing: border-box; padding: 0px; margin: auto; display: block; width: 0px; height: 0px; min-width: 100%; max-width: 100%; min-height: 100%; max-height: 100%;"
        />
        <noscript />
      </span>
      <div
        class="CartProduct__ContentWrapper-sc-1ypdwhr-2 kdYZFe"
      >
        <div
          class="CartProduct__ItemTitle-sc-1ypdwhr-3 OJTjV"
        >
          홍차아람
        </div>
        <div
          class="CartProduct__UnitPrice-sc-1ypdwhr-4 AYwcY"
        >
          15,000
          원
        </div>
        <div
          class="CartProduct__CountWrapper-sc-1ypdwhr-5 kZBgde"
        >
          <input
            class="CartProduct__Count-sc-1ypdwhr-6 gzLNkJ"
            type="number"
            value="1"
          />
          개
        </div>
      </div>
    </div>
    <div
      class="CartProduct__Price-sc-1ypdwhr-7 bedCUK"
    >
      15,000
      원
    </div>
    <span
      style="box-sizing: border-box; display: inline-block; overflow: hidden; background: none; opacity: 1; border: 0px; margin: 0px; padding: 0px; position: relative; max-width: 100%;"
    >
      <span
        style="box-sizing: border-box; display: block; background: none; opacity: 1; border: 0px; margin: 0px; padding: 0px; max-width: 100%;"
      >
        <img
          alt=""
          aria-hidden="true"
          src="data:image/svg+xml,%3csvg%20xmlns=%27http://www.w3.org/2000/svg%27%20version=%271.1%27%20width=%2710%27%20height=%2710%27/%3e"
          style="display: block; max-width: 100%; background: none; opacity: 1; border: 0px; margin: 0px; padding: 0px;"
        />
      </span>
      <img
        class="CartProduct__DeleteButton-sc-1ypdwhr-8 cEXrvk"
        data-nimg="intrinsic"
        decoding="async"
        src="data:image/gif;base64,R0lGODlhAQABAIAAAAAAAP///yH5BAEAAAAALAAAAAABAAEAAAIBRAA7"
        style="position: absolute; top: 0px; left: 0px; bottom: 0px; right: 0px; box-sizing: border-box; padding: 0px; margin: auto; display: block; width: 0px; height: 0px; min-width: 100%; max-width: 100%; min-height: 100%; max-height: 100%;"
      />
      <noscript />
    </span>
  </div>
</div>
`;
